-c e:fixed_instr_retired
-c e:fixed_unhalted_core_cycles
-c e:fixed_unhalted_ref_cycles
-c e:unhalted_core_cycles
-c e:resource_stalls
-c e:uops_retired
-c e:REHABQ.LD_BLOCK_ST_FORWARD
-c e:REHABQ.LD_SPLITS
-c e:MEM_UOPS_RETIRED.L2_HIT_LOADS
-c e:MEM_UOPS_RETIRED.L2_MISS_LOADS
-c e:MEM_UOPS_RETIRED.DTLB_MISS_LOADS
-c e:MEM_UOPS_RETIRED.HITM
-c e:DTLB_LOAD_MISSES.WALK_COMPLETED_2M_4M
-c e:DTLB_LOAD_MISSES.WALK_COMPLETED
-c e:DTLB_LOAD_MISSES.WALK_DURATION
-c e:DTLB_LOAD_MISSES.STLB_HIT
-c e:UOPS_RETIRED
-c e:L2_RQSTS.CODE_RD_MISS
-c e:L2_RQSTS.ALL_CODE_RD
-c e:LONGEST_LAT_CACHE.MISS
-c e:LONGEST_LAT_CACHE.REFERENCE
-c e:UNHALTED_CORE.CYCLES_P
-c e:UNHALTED_REFERENCE.CYCLES_P
-c e:DTLB_STORE_MISSES.WALK_DURATION